// Jest Snapshot v1, https://goo.gl/fbAQLP

exports[`Bot Commands Coverage Help Command should display help info 1`] = `
{
  "description": "以下是所有可用的命令：",
  "title": "🎵 Bilibili音乐机器人 - 命令帮助",
}
`;

exports[`Bot Commands Coverage NowPlaying Command {
  description: '正在播放',
  scene: [Object],
  state: [Object],
  expectErrorTitle: null
} 1`] = `
{
  "description": "**Now Playing**
**Test Track**
> Duration: 1m 0s
> Requested by: User",
  "title": undefined,
}
`;

exports[`Bot Commands Coverage Queue Command { description: '空队列', scene: [Object], queueResult: [Object] } 1`] = `
{
  "description": "🎵 **Queue is empty**
Add some tracks to get started!",
  "title": "📋 Music Queue",
}
`;

exports[`Bot Commands Coverage Queue Command { description: '非空队列', scene: [Object], queueResult: [Object] } 1`] = `
{
  "description": "▶️ **Now Playing**
A

🎶 **Up Next**
\`1.\` A
\`2.\` B
",
  "title": "📋 Music Queue",
}
`;
